2025-11-25T12:03:34.198857	31014198386
2025-11-25T12:03:36.948877	31016441992
2025-11-25T12:03:39.702956	31014198885
2025-11-25T12:03:42.459894	31024595308
2025-11-25T12:03:45.211682	31014199543
2025-11-25T12:03:47.969759	31014199641
2025-11-25T12:03:50.726652	31018563450
2025-11-25T12:03:53.481383	31024872231
2025-11-25T12:03:56.237625	31024205148
2025-11-25T12:03:58.990204	31014198598
2025-11-25T12:04:01.750741	31014199982
2025-11-25T12:04:04.504420	31014199995
2025-11-25T12:04:07.259987	31024783984
2025-11-25T12:04:10.019786	31014199246
2025-11-25T12:04:12.774127	31014199163
2025-11-25T12:04:15.529413	31014198956
2025-11-25T12:04:18.286835	31014198735
2025-11-25T12:04:21.038505	31014200564
2025-11-25T12:04:23.791499	31014200000
2025-11-25T12:04:26.544855	31014200689
2025-11-25T12:04:29.301237	31014199171
2025-11-25T12:04:32.054052	31014199396
2025-11-25T12:04:34.806258	31014201157
2025-11-25T12:04:37.556766	31014198790
2025-11-25T12:04:40.306054	31014199019
2025-11-25T12:04:43.057222	31018003128
2025-11-25T12:04:45.812676	31024602949
2025-11-25T12:04:48.563767	31014200749
2025-11-25T12:04:51.322882	31017501699
2025-11-25T12:04:54.080419	31014198757
2025-11-25T12:04:56.832624	31024321191
2025-11-25T12:04:59.588277	31014199401
2025-11-25T12:05:02.345378	31014200059
2025-11-25T12:05:05.123351	31014202361
2025-11-25T12:05:07.893193	31014198918
2025-11-25T12:05:10.645735	31014199349
2025-11-25T12:05:13.395347	31014199429
2025-11-25T12:05:16.146907	31014199723
2025-11-25T12:05:18.900265	31014198800
2025-11-25T12:05:21.662021	31014198301
2025-11-25T12:05:24.414337	31014199251
2025-11-25T12:05:27.165925	31014199438
2025-11-25T12:05:42.647052	31014198386
2025-11-25T12:05:45.262738	31016441992
2025-11-25T12:05:47.875354	31014198885
2025-11-25T12:05:50.574436	31024595308
2025-11-25T12:05:53.212479	31014199543
2025-11-25T12:05:55.853807	31014199641
2025-11-25T12:05:58.523066	31018563450
2025-11-25T12:06:01.141196	31024872231
2025-11-25T12:06:03.809202	31024205148
2025-11-25T12:06:06.470800	31014198598
2025-11-25T12:06:09.089467	31014199982
2025-11-25T12:06:11.704510	31014199995
2025-11-25T12:06:14.320666	31024783984
2025-11-25T12:06:16.935582	31014199246
2025-11-25T12:06:19.551556	31014199163
2025-11-25T12:06:22.165048	31014198956
2025-11-25T12:06:24.783135	31014198735
2025-11-25T12:06:27.399255	31014200564
2025-11-25T12:06:30.011110	31014200000
2025-11-25T12:06:32.624919	31014200689
2025-11-25T12:06:35.245274	31014199171
2025-11-25T12:06:37.860948	31014199396
2025-11-25T12:06:40.476275	31014201157
2025-11-25T12:06:43.088475	31014198790
2025-11-25T12:06:45.702621	31014199019
2025-11-25T12:06:48.317818	31018003128
2025-11-25T12:06:50.931104	31024602949
2025-11-25T12:06:53.549411	31014200749
2025-11-25T12:06:56.162883	31017501699
2025-11-25T12:06:58.773821	31014198757
2025-11-25T12:07:01.390573	31024321191
2025-11-25T12:07:04.011337	31014199401
2025-11-25T12:07:06.622737	31014200059
2025-11-25T12:07:09.235396	31014202361
2025-11-25T12:07:11.851319	31014198918
2025-11-25T12:07:14.461912	31014199349
2025-11-25T12:07:17.072651	31014199429
2025-11-25T12:07:19.687366	31014199723
2025-11-25T12:07:22.306339	31014198800
2025-11-25T12:07:24.924362	31014198301
2025-11-25T12:07:27.538134	31014199251
2025-11-25T12:07:30.153902	31014199438
2025-11-25T12:07:32.768380	31014198703
2025-11-25T12:07:35.382020	31021465098
2025-11-25T12:08:08.055021	31014198386
2025-11-25T12:08:11.101593	31016441992
2025-11-25T12:08:14.160452	31014198885
2025-11-25T12:08:17.225446	31024595308
2025-11-25T12:08:20.289761	31014199543
2025-11-25T12:08:23.335514	31014199641
2025-11-25T12:08:26.380330	31018563450
2025-11-25T12:08:29.426436	31024872231
2025-11-25T12:08:32.476013	31024205148
2025-11-25T12:08:35.531768	31014198598
2025-11-25T12:08:38.586377	31014199982
2025-11-25T12:08:41.633283	31014199995
2025-11-25T12:08:44.688663	31024783984
2025-11-25T12:08:47.739581	31014199246
2025-11-25T12:08:50.785626	31014199163
2025-11-25T12:08:53.833873	31014198956
2025-11-25T12:08:56.891217	31014198735
2025-11-25T12:08:59.934430	31014200564
2025-11-25T12:09:02.990397	31014200000
2025-11-25T12:09:06.088737	31014200689
2025-11-25T12:09:09.131907	31014199171
2025-11-25T12:09:12.177352	31014199396
2025-11-25T12:09:15.232295	31014201157
2025-11-25T12:09:18.281910	31014198790
2025-11-25T12:09:21.330199	31014199019
2025-11-25T12:09:24.377258	31018003128
2025-11-25T12:09:27.441615	31024602949
2025-11-25T12:09:30.505828	31014200749
2025-11-25T12:09:33.554498	31017501699
2025-11-25T12:09:36.609053	31014198757
2025-11-25T12:09:39.652666	31024321191
2025-11-25T12:09:42.714759	31014199401
2025-11-25T12:09:45.776942	31014200059
2025-11-25T12:09:48.830519	31014202361
2025-11-25T12:09:51.881196	31014198918
2025-11-25T12:09:54.939139	31014199349
2025-11-25T12:09:58.004679	31014199429
2025-11-25T12:57:51.978268	31014198386
2025-11-25T12:57:54.898430	31016441992
2025-11-25T12:57:57.822476	31014198885
2025-11-25T12:58:00.747861	31024595308
2025-11-25T12:58:03.669540	31014199543
2025-11-25T12:58:06.592629	31014199641
2025-11-25T12:58:09.510276	31018563450
2025-11-25T12:58:12.429034	31024872231
2025-11-25T12:58:15.351237	31024205148
2025-11-25T12:58:18.275710	31014198598
2025-11-25T12:58:21.197659	31014199982
2025-11-25T12:58:24.123243	31014199995
2025-11-25T12:58:27.049104	31024783984
2025-11-25T12:58:29.970656	31014199246
2025-11-25T12:58:32.907423	31014199163
2025-11-25T12:58:35.828931	31014198956
2025-11-25T12:58:38.750808	31014198735
2025-11-25T12:58:41.673290	31014200564
2025-11-25T12:58:44.605747	31014200000
2025-11-25T12:58:47.525409	31014200689
2025-11-25T12:58:50.448852	31014199171
2025-11-25T12:58:53.374808	31014199396
2025-11-25T12:58:56.318221	31014201157
2025-11-25T12:58:59.240576	31014198790
2025-11-25T12:59:02.164763	31014199019
2025-11-25T12:59:05.090549	31018003128
2025-11-25T12:59:08.014625	31024602949
2025-11-25T12:59:10.936494	31014200749
2025-11-25T12:59:13.863618	31017501699
2025-11-25T12:59:16.788224	31014198757
2025-11-25T12:59:19.712504	31024321191
2025-11-25T12:59:22.636355	31014199401
2025-11-25T12:59:25.563357	31014200059
2025-11-25T12:59:28.489208	31014202361
2025-11-25T12:59:31.414875	31014198918
2025-11-25T12:59:34.336730	31014199349
2025-11-25T12:59:37.259528	31014199429
2025-11-25T12:59:40.182304	31014199723
2025-11-25T12:59:43.103459	31014198800
2025-11-25T13:13:20.138831	31014198386
2025-11-25T13:13:22.746312	31016441992
2025-11-25T13:13:25.353352	31014198885
2025-11-25T13:13:27.959502	31024595308
2025-11-25T13:13:30.563267	31014199543
2025-11-25T13:13:33.169927	31014199641
2025-11-25T13:13:35.775538	31018563450
2025-11-25T13:13:38.379059	31024872231
2025-11-25T13:13:40.982034	31024205148
2025-11-25T13:13:43.584410	31014198598
2025-11-25T13:13:46.184335	31014199982
2025-11-25T13:13:48.789253	31014199995
2025-11-25T13:13:51.399452	31024783984
2025-11-25T13:13:54.005003	31014199246
2025-11-25T13:13:56.611657	31014199163
2025-11-25T13:13:59.217556	31014198956
2025-11-25T13:14:01.827038	31014198735
2025-11-25T13:14:04.434903	31014200564
2025-11-25T13:14:07.036750	31014200000
2025-11-25T13:14:09.639454	31014200689
2025-11-25T13:14:12.254867	31014199171
2025-11-25T13:14:14.859776	31014199396
2025-11-25T13:14:17.461174	31014201157
2025-11-25T13:14:20.071798	31014198790
2025-11-25T13:14:22.677598	31014199019
2025-11-25T13:14:25.282333	31018003128
2025-11-25T13:14:27.886690	31024602949
2025-11-25T13:14:30.488161	31014200749
2025-11-25T13:14:33.095259	31017501699
2025-11-25T13:14:35.699633	31014198757
2025-11-25T13:14:38.304131	31024321191
2025-11-25T13:14:40.906240	31014199401
2025-11-25T13:14:43.511771	31014200059
2025-11-25T13:14:46.114088	31014202361
2025-11-25T13:14:48.716888	31014198918
2025-11-25T13:14:51.319637	31014199349
2025-11-25T13:14:53.918764	31014199429
2025-11-25T13:14:56.525598	31014199723
2025-11-25T13:14:59.128794	31014198800
2025-11-25T13:15:01.732114	31014198301
2025-11-25T13:15:04.347375	31014199251
2025-11-25T13:15:06.955421	31014199438
2025-11-25T13:15:09.583910	31014198703
2025-11-25T13:15:12.200548	31021465098
2025-11-25T13:19:01.277063	31014198386
2025-11-25T13:19:03.860629	31016441992
2025-11-25T13:19:06.446216	31014198885
2025-11-25T13:19:09.031017	31024595308
2025-11-25T13:19:11.622875	31014199543
2025-11-25T13:19:14.212988	31014199641
2025-11-25T13:19:16.798172	31018563450
2025-11-25T13:19:19.386626	31024872231
2025-11-25T13:19:21.973225	31024205148
2025-11-25T13:19:24.559758	31014198598
2025-11-25T13:19:27.150859	31014199982
2025-11-25T13:19:29.735463	31014199995
2025-11-25T13:19:32.325004	31024783984
2025-11-25T13:19:34.907870	31014199246
2025-11-25T13:19:37.490779	31014199163
2025-11-25T13:19:40.077208	31014198956
2025-11-25T13:19:42.662274	31014198735
2025-11-25T13:19:45.249371	31014200564
2025-11-25T13:19:47.844439	31014200000
2025-11-25T13:19:50.433143	31014200689
2025-11-25T13:19:53.018480	31014199171
2025-11-25T13:19:55.604581	31014199396
2025-11-25T13:19:58.191376	31014201157
2025-11-25T13:20:00.779476	31014198790
2025-11-25T13:20:03.365614	31014199019
2025-11-25T13:20:05.952854	31018003128
2025-11-25T13:20:08.535995	31024602949
2025-11-25T13:20:11.125181	31014200749
2025-11-25T13:20:13.709004	31017501699
2025-11-25T13:20:16.295400	31014198757
2025-11-25T13:20:18.888898	31024321191
2025-11-25T13:20:21.490725	31014199401
2025-11-25T13:20:24.081376	31014200059
2025-11-25T13:20:26.671321	31014202361
2025-11-25T13:20:29.258164	31014198918
2025-11-25T13:20:31.844038	31014199349
2025-11-25T13:20:34.432052	31014199429
2025-11-25T13:20:37.016510	31014199723
2025-11-25T13:20:39.603854	31014198800
2025-11-25T13:20:42.201013	31014198301
2025-11-25T13:20:44.795855	31014199251
2025-11-25T13:20:47.392192	31014199438
2025-11-25T13:20:49.980584	31014198703
2025-11-25T13:20:52.571857	31021465098
2025-11-25T13:20:55.161683	31014198973
2025-11-25T13:23:58.171610	31014198386
2025-11-25T13:24:00.750351	31016441992
2025-11-25T13:24:03.390775	31014198885
2025-11-25T13:24:05.966854	31024595308
2025-11-25T13:24:08.546301	31014199543
2025-11-25T13:24:11.125091	31014199641
2025-11-25T13:24:13.704806	31018563450
2025-11-25T13:24:16.292959	31024872231
2025-11-25T13:24:18.869102	31024205148
2025-11-25T13:24:21.446939	31014198598
2025-11-25T13:24:24.023706	31014199982
2025-11-25T13:24:26.602010	31014199995
2025-11-25T13:24:29.187265	31024783984
2025-11-25T13:24:31.767791	31014199246
2025-11-25T13:24:34.411456	31014199163
2025-11-25T13:24:37.025310	31014198956
2025-11-25T13:24:39.602622	31014198735
2025-11-25T13:24:42.182772	31014200564
2025-11-25T13:24:44.759930	31014200000
2025-11-25T13:24:47.350465	31014200689
2025-11-25T13:24:49.932274	31014199171
2025-11-25T13:24:52.511803	31014199396
2025-11-25T13:24:55.088079	31014201157
2025-11-25T13:24:57.664783	31014198790
2025-11-25T13:25:00.259274	31014199019
2025-11-25T13:25:02.837990	31018003128
2025-11-25T13:25:05.412556	31024602949
2025-11-25T13:25:07.993837	31014200749
2025-11-25T13:25:10.577734	31017501699
2025-11-25T13:25:13.172894	31014198757
2025-11-25T13:25:15.755358	31024321191
2025-11-25T13:25:18.346425	31014199401
2025-11-25T13:25:20.928997	31014200059
2025-11-25T13:25:23.505097	31014202361
2025-11-25T13:25:26.082129	31014198918
2025-11-25T13:25:28.661301	31014199349
2025-11-25T13:25:31.241645	31014199429
2025-11-25T13:25:33.821696	31014199723
2025-11-25T13:25:36.413437	31014198800
2025-11-25T13:25:38.991826	31014198301
2025-11-25T13:25:41.568956	31014199251
2025-11-25T13:25:44.147730	31014199438
2025-11-25T13:25:46.727589	31014198703
2025-11-25T13:25:49.312526	31021465098
2025-11-25T13:25:51.914088	31014198973
2025-11-25T13:41:42.305484	31014198386
2025-11-25T13:41:44.924296	31016441992
2025-11-25T13:41:47.542698	31014198885
2025-11-25T13:41:50.163098	31024595308
2025-11-25T13:41:52.809152	31014199543
2025-11-25T13:41:55.433322	31014199641
2025-11-25T13:41:58.056474	31018563450
2025-11-25T13:42:00.679428	31024872231
2025-11-25T13:42:03.331939	31024205148
2025-11-25T13:42:05.991142	31014198598
2025-11-25T13:42:08.613039	31014199982
2025-11-25T13:42:11.234190	31014199995
2025-11-25T13:42:13.859099	31024783984
2025-11-25T13:42:16.484087	31014199246
2025-11-25T13:42:19.102664	31014199163
2025-11-25T13:42:21.723383	31014198956
2025-11-25T13:42:24.347194	31014198735
2025-11-25T13:42:26.965831	31014200564
2025-11-25T13:42:29.587476	31014200000
2025-11-25T13:42:32.211478	31014200689
2025-11-25T13:42:34.835134	31014199171
2025-11-25T13:42:37.461409	31014199396
2025-11-25T13:42:40.080455	31014201157
2025-11-25T13:42:42.703765	31014198790
2025-11-25T13:42:45.324256	31014199019
2025-11-25T13:42:47.945231	31018003128
2025-11-25T13:42:50.568334	31024602949
2025-11-25T13:42:53.185831	31014200749
2025-11-25T13:42:55.802079	31017501699
2025-11-25T13:42:58.433542	31014198757
2025-11-25T13:43:01.054236	31024321191
2025-11-25T13:43:03.673018	31014199401
2025-11-25T13:43:06.291622	31014200059
2025-11-25T13:43:08.911424	31014202361
2025-11-25T13:43:11.529903	31014198918
2025-11-25T13:43:14.147554	31014199349
2025-11-25T13:43:16.768778	31014199429
2025-11-25T13:43:19.387105	31014199723
2025-11-25T13:43:22.007772	31014198800
2025-11-25T13:43:24.631347	31014198301
2025-11-25T13:43:27.252262	31014199251
2025-11-25T13:43:29.875374	31014199438
2025-11-25T13:43:32.492976	31014198703
2025-11-25T13:43:35.113450	31021465098
2025-11-25T18:21:51.789286	31014198386
2025-11-25T18:21:54.413177	31016441992
2025-11-25T18:21:57.038742	31014198885
2025-11-25T18:21:59.663477	31024595308
2025-11-25T18:22:02.287551	31014199543
2025-11-25T18:22:04.911920	31014199641
2025-11-25T18:22:07.539433	31018563450
2025-11-25T18:22:10.163988	31024872231
2025-11-25T18:22:12.787637	31024205148
2025-11-25T18:22:15.409192	31014198598
2025-11-25T18:22:18.032393	31014199982
2025-11-25T18:22:20.657929	31014199995
2025-11-25T18:22:23.279971	31024783984
2025-11-25T18:22:25.902565	31014199246
2025-11-25T18:22:28.524579	31014199163
2025-11-25T18:22:31.147930	31014198956
2025-11-25T18:22:33.777388	31014198735
2025-11-25T18:22:36.398843	31014200564
2025-11-25T18:22:39.025789	31014200000
2025-11-25T18:22:41.649115	31014200689
2025-11-25T18:22:44.269655	31014199171
2025-11-25T18:22:46.893827	31014199396
2025-11-25T18:22:49.517083	31014201157
2025-11-25T18:22:52.142809	31014198790
2025-11-25T18:22:54.763831	31014199019
2025-11-25T18:22:57.389285	31018003128
2025-11-25T18:23:00.011268	31024602949
2025-11-25T18:23:02.638001	31014200749
2025-11-25T18:23:05.261315	31017501699
2025-11-25T18:23:07.891512	31014198757
2025-11-25T18:23:10.515433	31024321191
2025-11-25T18:23:13.139645	31014199401
2025-11-25T18:23:15.764971	31014200059
2025-11-25T18:23:18.387795	31014202361
2025-11-25T18:23:21.011843	31014198918
2025-11-25T18:23:23.633876	31014199349
2025-11-25T18:23:26.255430	31014199429
2025-11-25T18:23:28.877552	31014199723
2025-11-25T18:23:31.503656	31014198800
2025-11-25T18:23:34.125362	31014198301
2025-11-25T18:23:36.748256	31014199251
2025-11-25T18:23:39.371915	31014199438
2025-11-25T18:23:41.996722	31014198703
2025-11-25T18:23:44.619465	31021465098
